// Jest Snapshot v1, https://goo.gl/fbAQLP

exports[`<LogoLink /> should match snapshot 1`] = `
.c1 {
  display: -webkit-box;
  display: -webkit-flex;
  display: -ms-flexbox;
  display: flex;
  -webkit-align-items: center;
  -webkit-box-align: center;
  -ms-flex-align: center;
  align-items: center;
  -webkit-text-decoration: none;
  text-decoration: none;
  color: inherit;
}

.c1 colors {
  primary-color: #0A1128;
  secondary-color: #dc143c;
  white: #FFFFFF;
  medium-gray: #DDDDDD;
}

.c1 fonts family {
  default: Open Sans,sans-serif;
  secondary: 'Montserrat',sans-serif;
}

.c1 fonts sizes {
  xsmall: 0.8rem;
  small: 1.6rem;
  medium: 2.4rem;
  large: 3.2rem;
  xlarge: 4.0rem;
  xxlarge: 4.8rem;
  huge: 5.6rem;
  xhuge: 6.4rem;
}

.c1 media {
  lte-medium: (max-width:768px);
}

.c1 spacings {
  xsmall: 0.8rem;
  small: 1.6rem;
  medium: 2.4rem;
  large: 3.2rem;
  xlarge: 4.0rem;
  xxlarge: 4.8rem;
  huge: 5.6rem;
  xhuge: 6.4rem;
}

.c1 > img {
  max-height: 2.5rem;
}

.c0 {
  color: #0A1128;
  font-size: 2.4rem;
  text-transform: uppercase;
}

<h1
  class="c0"
>
  <a
    class="c1"
    href="#target"
  >
    <img
      alt="OlÃ¡ mundo"
      src="image.jpg"
    />
  </a>
</h1>
`;
